// Jest Snapshot v1, https://goo.gl/fbAQLP

exports[`BaseInput snapshot renders properly 1`] = `
<button>
  <p>Submit</p>
</button>
`;
