// Jest Snapshot v1, https://goo.gl/fbAQLP

exports[`Picture snapshot renders properly 1`] = `<div style="background-image: url(undefined/media/lorem-ipsum);"></div>`;
