// Jest Snapshot v1, https://goo.gl/fbAQLP

exports[`BaseButton snapshot renders properly 1`] = `<button type="button" class="" style="padding: 1em 0px;"><span>button</span></button>`;
